srun: defined options
srun: -------------------- --------------------
srun: cpu-bind            : cores
srun: cpus-per-task       : 4
srun: gres                : gres/gpu:nv:2
srun: immediate           : 1
srun: job-name            : glm53-ep-nccl-r4
srun: mem                 : 16G
srun: nodelist            : xgpf11
srun: nodes               : 1
srun: ntasks              : 1
srun: partition           : gpu
srun: time                : 00:15:00
srun: verbose             : 3
srun: -------------------- --------------------
srun: end of defined options
srun: debug:  propagating RLIMIT_FSIZE=18446744073709551615
srun: debug:  propagating RLIMIT_STACK=8388608
srun: debug:  propagating RLIMIT_CORE=0
srun: debug:  propagating RLIMIT_RSS=17179869184
srun: debug:  propagating RLIMIT_NOFILE=1024
srun: debug:  propagating RLIMIT_MEMLOCK=2095353856
srun: debug:  propagating SLURM_PRIO_PROCESS=0
srun: debug:  propagating UMASK=0022
srun: debug2: cpu=4 is not a gres
srun: debug:  Entering slurm_allocation_msg_thr_create()
srun: debug:  port from net_stream_listen is 46029
srun: debug:  Entering _msg_thr_internal
srun: JobId=830817 returned by the controller
srun: Waiting for resource configuration
srun: Nodes xgpf11 are ready for job
srun: jobid 830817: nodes(1):`xgpf11', cpu counts: 4(x1)
srun: debug2: creating job with 1 tasks
srun: Implicitly setting --exact, because -c/--cpus-per-task given.
srun: debug2: cpu:4 is not a gres
srun: debug2: cpu=4,cpu:4 is not a gres
srun: debug:  requesting job 830817, user 99, nodes 1 including (xgpf11)
srun: debug:  cpus 4, tasks 1, name glm53-ep-nccl-r4, relative 65534
srun: CpuBindType=cores
srun: debug:  Entering slurm_step_launch
srun: debug:  initialized stdio listening socket, port 43075
srun: debug:  Started IO server thread
srun: debug:  Entering _launch_tasks
srun: launching StepId=830817.0 on host xgpf11, 1 tasks: 0
srun: debug2: Called _file_readable
srun: debug2: Called _file_writable
srun: debug2: Called _file_writable
srun: debug2: Tree head got back 0 looking for 1
srun: debug2: Tree head got back 1
srun: debug:  launch returned msg_rc=0 err=0 type=8001
srun: debug2: Activity on IO listening socket 19
srun: debug2: Entering io_init_msg_read_from_fd
srun: debug2: Leaving io_init_msg_read_from_fd
srun: debug2: Entering io_init_msg_validate
srun: debug2: Leaving io_init_msg_validate
srun: debug2: Validated IO connection from 192.168.51.75:48976, node rank 0, sd=20
srun: debug2: Called _file_readable
srun: debug2: Called _file_writable
srun: debug2: Called _file_writable
srun: debug2: received task launch
srun: Node xgpf11, 1 tasks started
srun: debug2: Called _file_readable
srun: debug2: Called _file_writable
srun: debug2: Called _file_writable
srun: debug2: Called _file_readable
srun: debug2: Called _file_writable
srun: debug2: Called _file_writable
srun: debug2: Called _file_readable
srun: debug2: Called _file_writable
srun: debug2: Called _file_writable
srun: debug2: Called _file_readable
srun: debug2: Called _file_writable
srun: debug2: Called _file_writable
srun: debug2: Called _file_readable
srun: debug2: Called _file_writable
srun: debug2: Called _file_writable
srun: debug2: received task exit
srun: Received task exit notification for 1 task of StepId=830817.0 (status=0x0000).
srun: xgpf11: task 0: Completed
srun: debug:  task 0 done
srun: debug2: Called _file_readable
srun: debug2: Called _file_writable
srun: debug2: Called _file_writable
srun: debug2:   false, shutdown
srun: debug:  IO thread exiting
srun: debug2: slurm_allocation_msg_thr_destroy: clearing up message thread
srun: debug2:   false, shutdown
srun: debug:  Leaving _msg_thr_internal
srun: debug:  unloaded
